2025-11-13 22:46:38 error: 	POST /user/register - User was registred
2025-11-13 22:46:41 error: 	POST /user/register - Internal server error
2025-11-13 22:48:11 error: 	POST /user/register - User was registred
2025-11-13 22:50:34 error: 	POST /user/register - User was registred
2025-11-15 08:32:12 error: 	POST /user/login - Internal server error
2025-11-15 08:32:21 http: 	POST /user/login 200 - 71ms
2025-11-15 08:32:32 http: 	GET /pet 200 - 5ms
2025-11-15 08:34:36 http: 	GET /pet 304 - 3ms
2025-11-15 08:35:50 http: 	GET /pet 304 - 3ms
2025-11-15 08:41:39 http: 	GET /pet 304 - 2ms
2025-11-15 08:44:21 http: 	GET /pet 304 - 2ms
2025-11-16 21:21:40 error: 	GET / - Endpoint not found
2025-11-16 21:22:00 error: 	GET / - Endpoint not found
2025-11-16 21:22:08 error: 	GET /pet[ - Endpoint not found
2025-11-16 21:22:10 error: 	GET /favicon.ico - Endpoint not found
2025-11-16 21:22:37 error: 	GET /pets - Endpoint not found
2025-11-16 21:22:41 error: 	GET /user - Endpoint not found
2025-11-16 21:22:48 error: 	GET /user/login - Endpoint not found
2025-11-16 21:23:19 error: 	GET /user/login - Endpoint not found
2025-11-16 21:23:27 error: 	GET /user/login - Endpoint not found
2025-11-16 21:23:27 error: 	GET /favicon.ico - Endpoint not found
2025-11-16 21:23:57 error: 	GET / - Endpoint not found
2025-11-16 21:26:18 error: 	GET / - Endpoint not found
2025-11-16 21:34:17 error: 	POST /user - Endpoint not found
2025-11-16 21:39:03 error: 	GET / - Endpoint not found
2025-11-16 21:45:50 error: 	GET /categories - Endpoint not found
2025-11-16 21:45:54 error: 	GET /category - Endpoint not found
2025-11-16 21:46:06 error: 	GET /pet/categories - Internal server error
2025-11-16 21:53:28 error: 	GET /pet/categories - Internal server error
2025-11-16 21:55:01 error: 	POST /user/login - Internal server error
2025-11-16 21:55:23 http: 	POST /user/login 200 - 66ms
2025-11-16 21:56:10 error: 	GET /pet - Internal server error
2025-11-16 21:57:56 error: 	POST /pet - SQLITE_CONSTRAINT: NOT NULL constraint failed: pet.photo_path
2025-11-16 21:58:12 error: 	POST /pet - SQLITE_CONSTRAINT: NOT NULL constraint failed: pet.photo_path
2025-11-16 21:59:21 error: 	POST /user/register - Пароль должен быть от 8 символов
2025-11-18 21:01:36 error: 	POST /user/register - Internal server error
2025-11-18 21:02:15 http: 	POST /user/login 200 - 62ms
2025-11-18 21:03:42 http: 	POST /user/login 200 - 62ms
2025-11-18 21:03:43 http: 	POST /user/login 200 - 58ms
2025-11-18 21:03:44 http: 	POST /user/login 200 - 57ms
2025-11-18 21:05:13 http: 	POST /user/login 200 - 59ms
2025-11-18 21:05:26 error: 	GET /pet - Internal server error
2025-11-18 21:05:28 error: 	GET /pet/categories - Internal server error
2025-11-18 21:05:57 error: 	GET /pet - Internal server error
2025-11-18 21:10:40 http: 	POST /user/login 200 - 58ms
2025-11-18 21:11:18 error: 	GET /pet - Internal server error
2025-11-22 17:55:03 error: 	GET / - Endpoint not found
2025-11-22 17:55:04 error: 	GET /favicon.ico - Endpoint not found
2025-11-22 17:56:09 http: 	POST /user/login 200 - 70ms
2025-11-22 17:56:12 error: 	GET /pet - Internal server error
2025-11-22 17:57:20 error: 	GET /pet - Internal server error
2025-11-22 17:59:29 error: 	GET /pet - Internal server error
2025-11-22 18:00:52 error: 	GET /pet - Internal server error
2025-11-22 18:01:00 error: 	GET /pet - Internal server error
2025-11-22 18:01:40 error: 	GET /pet - Internal server error
2025-11-22 18:11:48 error: 	GET /pet - Internal server error
2025-11-22 18:13:29 error: 	GET /pet - Internal server error
2025-11-22 18:14:53 error: 	GET /pet - Internal server error
2025-11-22 18:15:11 error: 	GET /pet - Internal server error
2025-11-22 18:15:43 error: 	GET /pet - Internal server error
2025-11-22 18:21:50 error: 	GET /pet - Internal server error
2025-11-22 18:22:29 error: 	GET /pet - Internal server error
2025-11-22 18:23:15 error: 	GET /pet - Internal server error
2025-11-22 18:24:18 error: 	GET /pet - Internal server error
2025-11-22 18:24:21 error: 	GET /pet - Internal server error
2025-11-22 18:24:22 error: 	GET /pet - Internal server error
2025-11-22 18:24:25 error: 	GET /pet - Internal server error
2025-11-22 18:24:46 error: 	GET /pet - Internal server error
2025-11-22 18:24:47 error: 	GET /pet - Internal server error
2025-11-22 18:24:49 error: 	GET /pet - Internal server error
2025-11-22 18:24:52 error: 	GET /pet - Internal server error
2025-11-22 18:25:13 error: 	GET /pet - Internal server error
2025-11-22 18:25:34 error: 	GET /pet - Internal server error
2025-11-22 18:27:15 error: 	GET /pet - Internal server error
2025-11-22 18:27:33 error: 	GET /pet - Internal server error
2025-11-22 18:28:13 error: 	GET /pet - Internal server error
2025-11-22 18:28:15 error: 	GET /pet/2 - Internal server error
2025-11-22 18:28:17 error: 	GET /pet - Internal server error
2025-11-22 18:28:18 error: 	GET /pet/3 - Internal server error
2025-11-22 18:28:19 error: 	GET /pet - Internal server error
2025-11-22 18:28:19 error: 	GET /pet/4 - Internal server error
2025-11-22 18:28:24 error: 	GET /pet - Internal server error
2025-11-22 18:28:24 error: 	GET /pet/3 - Internal server error
2025-11-22 18:28:29 error: 	GET /pet - Internal server error
2025-11-22 18:28:29 error: 	GET /pet/2 - Internal server error
2025-11-22 18:28:32 error: 	GET /pet - Internal server error
2025-11-22 18:28:33 error: 	GET /pet/4 - Internal server error
2025-11-22 18:28:34 error: 	GET /pet - Internal server error
2025-11-22 18:29:14 error: 	GET /pet/4 - Internal server error
2025-11-22 18:29:20 error: 	GET /pet - Internal server error
2025-11-22 18:29:21 error: 	GET /pet/5 - Internal server error
2025-11-22 18:29:39 error: 	GET /pet - Internal server error
2025-11-22 18:29:41 error: 	GET /pet/6 - Internal server error
2025-11-22 18:29:43 error: 	GET /pet - Internal server error
2025-11-22 18:30:21 error: 	GET /pet/4 - Internal server error
2025-11-22 18:31:22 error: 	GET /pet/4 - Internal server error
2025-11-22 18:31:45 error: 	GET /pet/4 - Internal server error
2025-11-26 12:13:11 http: 	POST /user/login 200 - 65ms
2025-11-26 12:13:13 error: 	GET /pet - Internal server error
2025-11-26 12:13:13 error: 	GET /pet/2 - Internal server error
2025-11-26 12:13:27 error: 	GET /pet - Internal server error
2025-11-26 12:13:28 error: 	GET /pet/2 - Internal server error
2025-11-26 12:13:36 error: 	GET /pet/2 - Internal server error
2025-11-26 12:13:43 error: 	GET /pet - Internal server error
2025-11-26 12:13:46 error: 	GET /pet/4 - Internal server error
2025-11-26 12:13:53 error: 	GET /pet - Internal server error
2025-11-26 12:13:55 error: 	GET /pet/5 - Internal server error
2025-11-26 12:15:28 http: 	POST /user/login 200 - 63ms
2025-11-26 12:17:08 http: 	POST /user/login 200 - 58ms
2025-11-26 12:19:45 http: 	POST /user/login 200 - 57ms
2025-11-26 12:22:54 error: 	GET /pet - Internal server error
2025-11-26 12:22:59 error: 	GET /pet/4 - Internal server error
2025-11-26 12:23:13 http: 	POST /user/login 200 - 57ms
2025-11-26 12:23:35 http: 	POST /user/login 200 - 58ms
2025-11-26 12:24:26 error: 	GET /pet - Internal server error
2025-11-26 12:25:19 http: 	POST /user/login 200 - 57ms
2025-11-26 12:25:55 error: 	GET /pet - Internal server error
2025-11-26 12:25:57 error: 	GET /pet/2 - Internal server error
2025-11-26 12:26:01 error: 	GET /pet - Internal server error
2025-11-26 12:26:02 error: 	GET /pet/4 - Internal server error
2025-11-26 12:26:05 error: 	GET /pet - Internal server error
2025-11-26 12:26:06 error: 	GET /pet/2 - Internal server error
2025-11-26 12:27:08 error: 	GET /pet - Internal server error
2025-11-26 12:27:09 error: 	GET /pet/2 - Internal server error
2025-11-26 12:27:14 error: 	GET /pet - Internal server error
2025-11-26 12:27:16 error: 	GET /pet/3 - Internal server error
2025-11-26 12:27:18 error: 	GET /pet - Internal server error
2025-11-26 12:27:19 error: 	GET /pet/2 - Internal server error
2025-11-26 12:27:26 error: 	GET /pet - Internal server error
2025-11-26 12:27:27 error: 	GET /pet/2 - Internal server error
2025-11-26 12:27:47 error: 	GET /pet - Internal server error
2025-11-26 12:27:48 error: 	GET /pet/2 - Internal server error
2025-11-26 12:27:56 error: 	GET /pet - Internal server error
2025-11-26 12:27:57 error: 	GET /pet/2 - Internal server error
2025-11-26 12:29:56 error: 	GET /pet - Internal server error
2025-11-26 12:29:58 error: 	GET /pet/4 - Internal server error
2025-11-26 12:30:00 error: 	GET /pet - Internal server error
2025-11-26 12:30:01 error: 	GET /pet/2 - Internal server error
2025-11-26 12:30:03 error: 	GET /pet - Internal server error
2025-11-26 12:30:04 error: 	GET /pet/2 - Internal server error
2025-11-26 12:30:51 error: 	GET /pet - Internal server error
2025-11-26 12:30:52 error: 	GET /pet/2 - Internal server error
2025-11-26 12:31:04 error: 	GET /pet - Internal server error
2025-11-26 12:31:05 error: 	GET /pet/2 - Internal server error
2025-11-26 12:31:28 error: 	GET /pet - Internal server error
2025-11-26 12:31:28 error: 	GET /pet/2 - Internal server error
2025-11-26 12:31:48 error: 	GET /pet - Internal server error
2025-11-26 12:31:48 error: 	GET /pet/2 - Internal server error
2025-11-26 12:31:50 error: 	GET /pet - Internal server error
2025-11-26 12:31:56 error: 	GET /pet - Internal server error
2025-11-26 12:31:56 error: 	GET /pet/2 - Internal server error
2025-11-26 12:31:58 error: 	GET /pet - Internal server error
2025-11-26 12:31:59 error: 	GET /pet/2 - Internal server error
2025-11-26 12:32:26 error: 	GET /pet - Internal server error
2025-11-26 12:32:26 error: 	GET /pet/2 - Internal server error
2025-11-26 12:32:27 error: 	GET /pet - Internal server error
2025-11-26 12:32:27 error: 	GET /pet/2 - Internal server error
2025-11-26 12:32:28 error: 	GET /pet - Internal server error
2025-11-26 12:32:28 error: 	GET /pet/3 - Internal server error
2025-11-26 12:32:29 error: 	GET /pet - Internal server error
2025-11-26 12:32:30 error: 	GET /pet/4 - Internal server error
2025-11-26 12:32:31 error: 	GET /pet - Internal server error
2025-11-26 12:32:33 error: 	GET /pet/2 - Internal server error
2025-11-26 12:32:34 error: 	GET /pet - Internal server error
2025-11-26 13:16:45 http: 	POST /user/login 200 - 73ms
2025-11-26 13:16:56 error: 	GET /pet - Internal server error
2025-11-26 13:16:58 error: 	GET /pet/2 - Internal server error
2025-11-26 13:16:59 error: 	GET /pet - Internal server error
2025-11-26 13:17:11 error: 	GET /pet/2 - Internal server error
2025-11-26 13:17:14 error: 	GET /pet - Internal server error
2025-11-28 17:40:20 error: 	GET / - Endpoint not found
2025-11-28 17:40:21 error: 	GET /favicon.ico - Endpoint not found
2025-11-28 17:40:24 error: 	GET / - Endpoint not found
2025-11-28 17:40:24 error: 	GET /favicon.ico - Endpoint not found
2025-11-28 17:40:57 http: 	POST /user/login 200 - 145ms
2025-11-28 17:40:59 error: 	GET /pet - Internal server error
2025-11-28 17:41:04 error: 	GET /pet/2 - Internal server error
2025-11-28 21:17:52 error: 	DELETE /pet/delete/3442 - Unexpected end of JSON input
2025-11-28 21:18:18 error: 	DELETE /pet/delete/3442 - Expected property name or '}' in JSON at position 7 (line 2 column 5)
2025-11-28 21:18:28 error: 	DELETE /pet/delete/3442 - Endpoint not found
2025-11-28 21:18:29 error: 	DELETE /pet/delete/3442 - Endpoint not found
2025-11-28 21:18:55 http: 	POST /user/login 200 - 61ms
2025-11-28 21:19:05 http: 	DELETE /pet/3442 204 - 3ms
2025-11-28 21:19:17 http: 	DELETE /pet/2 204 - 5ms
2025-11-28 21:19:27 http: 	DELETE /pet/4253463565 204 - 2ms
2025-11-28 21:21:09 error: 	DELETE /pet/4253463565 - Питомец не найден
2025-11-28 21:21:13 error: 	DELETE /pet/2 - Питомец не найден
2025-11-28 21:21:16 http: 	DELETE /pet/1 204 - 5ms
2025-11-28 21:23:05 http: 	DELETE /pet/4 204 - 6ms
2025-11-28 21:41:26 http: 	POST /user/login 200 - 58ms
2025-11-28 21:41:33 http: 	GET /pet 200 - 2ms
2025-11-28 21:41:35 http: 	GET /pet/6 200 - 2ms
2025-11-28 21:42:08 http: 	GET /pet/6 304 - 1ms
2025-11-28 21:42:13 http: 	DELETE /pet/6 204 - 5ms
2025-11-28 21:42:13 http: 	GET /pet 200 - 2ms
2025-11-28 21:42:19 http: 	GET /pet/3 304 - 2ms
2025-11-28 21:42:22 http: 	GET /pet 304 - 2ms
2025-11-28 21:42:22 http: 	GET /pet/categories 200 - 1ms
2025-11-28 21:45:15 http: 	GET /pet 200 - 6ms
2025-11-28 21:46:14 http: 	GET /pet/categories 304 - 2ms
2025-11-28 21:48:18 error: 	POST /pet/create - Endpoint not found
2025-11-28 21:48:40 http: 	POST /user/login 200 - 58ms
2025-11-28 21:49:14 error: 	POST /pet - SQLITE_CONSTRAINT: NOT NULL constraint failed: pet.photo_path
2025-11-28 21:50:04 error: 	POST /pet - Expected ':' after property name in JSON at position 15 (line 3 column 5)
2025-11-28 21:50:20 error: 	POST /pet - SQLITE_CONSTRAINT: NOT NULL constraint failed: pet.photo_path
2025-11-28 21:50:24 error: 	POST /pet - SQLITE_CONSTRAINT: NOT NULL constraint failed: pet.photo_path
2025-11-28 21:50:47 error: 	POST /pet - SQLITE_CONSTRAINT: NOT NULL constraint failed: pet.photo_path
2025-11-28 21:51:32 error: 	POST /pet - SQLITE_CONSTRAINT: NOT NULL constraint failed: pet.photo_path
2025-11-28 21:52:18 http: 	GET /pet/categories 304 - 1ms
2025-11-28 21:53:04 error: 	POST /pet - SQLITE_CONSTRAINT: NOT NULL constraint failed: pet.photo_path
2025-11-28 21:54:40 error: 	POST /pet - SQLITE_CONSTRAINT: NOT NULL constraint failed: pet.photo_path
2025-11-28 21:56:59 http: 	GET /pet 200 - 2ms
2025-11-28 21:57:00 http: 	GET /pet/categories 304 - 1ms
2025-11-28 22:04:05 error: 	GET /pet/categories - Internal server error
2025-11-28 22:04:21 http: 	POST /user/login 200 - 62ms
2025-11-28 22:04:22 error: 	GET /pet - Internal server error
2025-11-28 22:04:23 error: 	GET /pet/categories - Internal server error
2025-11-28 22:06:15 error: 	GET / - Endpoint not found
2025-11-28 22:06:15 error: 	GET /favicon.ico - Endpoint not found
2025-11-28 22:20:44 http: 	POST /pet 201 - 641ms
2025-11-28 22:21:23 http: 	GET /pet 200 - 2ms
2025-11-28 22:21:25 http: 	GET /pet/7 200 - 2ms
2025-11-28 22:21:27 error: 	DELETE /pet/7 - Cannot read properties of undefined (reading 'id')
2025-11-28 22:21:38 http: 	GET /pet 304 - 2ms
2025-11-28 22:21:39 http: 	GET /pet/7 200 - 2ms
2025-11-28 22:21:41 error: 	DELETE /pet/7 - Cannot read properties of undefined (reading 'id')
2025-11-28 22:21:43 http: 	GET /pet 304 - 2ms
2025-11-28 22:21:45 http: 	GET /pet/categories 200 - 1ms
2025-11-28 22:22:01 http: 	POST /pet 201 - 1491ms
2025-11-28 22:22:01 http: 	GET /pet 200 - 2ms
2025-11-28 22:25:03 http: 	GET /pet 304 - 11ms
2025-11-28 22:25:06 http: 	GET /pet/categories 304 - 1ms
2025-11-28 22:25:39 http: 	POST /pet 201 - 1493ms
2025-11-28 22:25:39 http: 	GET /pet 200 - 2ms
2025-11-28 22:27:34 error: 	GET /pet - Internal server error
2025-11-28 22:27:38 error: 	GET /pet/categories - Internal server error
2025-11-28 22:27:49 error: 	POST /pet - Internal server error
2025-11-28 22:27:50 error: 	GET /pet - Internal server error
2025-11-28 22:31:13 http: 	GET /pet/categories 304 - 5ms
2025-11-28 22:31:23 http: 	POST /pet 201 - 12ms
2025-11-28 22:31:23 http: 	GET /pet 200 - 1ms
2025-11-28 22:31:33 http: 	GET /pet 304 - 2ms
2025-11-28 22:31:36 http: 	GET /pet/11 200 - 2ms
2025-11-28 22:31:37 http: 	GET /pet 304 - 1ms
2025-11-28 22:31:40 http: 	GET /pet/11 304 - 2ms
2025-11-28 22:31:42 error: 	DELETE /pet/11 - Cannot read properties of undefined (reading 'id')
2025-11-28 22:31:45 http: 	GET /pet 304 - 1ms
2025-11-28 22:33:26 http: 	GET /pet/categories 304 - 5ms
2025-11-28 22:33:31 http: 	POST /pet 201 - 13ms
2025-11-28 22:33:31 http: 	GET /pet 200 - 2ms
2025-11-28 22:33:35 http: 	GET /pet/12 200 - 2ms
2025-11-28 22:33:38 http: 	GET /pet 304 - 2ms
2025-11-28 22:35:25 http: 	GET /pet/8 200 - 8ms
2025-11-28 22:35:38 error: 	DELETE /pet/8 - Питомец не найден
2025-11-28 22:35:40 http: 	GET /pet 200 - 2ms
2025-11-28 22:35:52 http: 	GET /pet/11 200 - 2ms
2025-11-28 22:35:58 http: 	GET /pet 200 - 2ms
2025-11-28 22:38:08 http: 	GET /pet 304 - 2ms
2025-11-28 22:38:19 http: 	GET /pet 304 - 2ms
2025-11-28 22:38:22 http: 	GET /pet/10 200 - 1ms
2025-11-28 22:38:33 http: 	GET /pet 200 - 1ms
2025-11-28 22:38:36 http: 	GET /pet/7 200 - 2ms
2025-11-28 22:38:49 http: 	GET /pet/7 304 - 2ms
2025-11-28 22:39:13 http: 	GET /pet/7 304 - 2ms
2025-11-28 22:39:39 http: 	GET /pet 304 - 2ms
2025-11-28 22:39:40 http: 	GET /pet/7 304 - 1ms
2025-11-28 22:39:45 error: 	DELETE /pet/7 - Питомец не найден
2025-11-28 22:39:48 http: 	GET /pet 200 - 1ms
2025-11-28 22:40:00 http: 	GET /pet/categories 304 - 1ms
2025-11-28 22:40:07 http: 	POST /pet 201 - 10ms
2025-11-28 22:40:07 http: 	GET /pet 200 - 1ms
2025-11-28 22:40:17 http: 	GET /pet/13 200 - 2ms
2025-11-28 22:40:22 http: 	GET /pet 200 - 2ms
2025-11-28 22:40:22 http: 	GET /pet/9 200 - 2ms
2025-11-28 22:40:24 http: 	GET /pet 304 - 2ms
2025-11-28 22:40:24 http: 	GET /pet/9 304 - 1ms
2025-11-28 22:40:26 http: 	GET /pet 304 - 1ms
2025-11-28 22:40:58 http: 	GET /pet 304 - 2ms
2025-11-28 22:40:59 http: 	GET /pet/9 304 - 1ms
2025-11-28 22:41:03 http: 	GET /pet 200 - 1ms
2025-11-28 22:41:32 http: 	GET /pet/12 304 - 1ms
2025-11-28 22:41:44 http: 	GET /pet 200 - 2ms
2025-11-28 22:42:50 http: 	GET /pet 304 - 1ms
2025-11-28 22:42:52 http: 	GET /pet 304 - 2ms
2025-11-28 22:42:54 http: 	GET /pet/categories 304 - 1ms
2025-11-28 22:43:03 http: 	POST /pet 201 - 6ms
2025-11-28 22:43:03 http: 	GET /pet 200 - 1ms
2025-11-28 22:43:05 http: 	GET /pet/14 200 - 1ms
2025-11-28 22:43:08 http: 	GET /pet 200 - 1ms
2025-11-28 22:44:17 http: 	GET /pet 304 - 1ms
2025-11-28 22:44:19 http: 	GET /pet/categories 304 - 1ms
2025-11-28 22:44:27 http: 	POST /pet 201 - 5ms
2025-11-28 22:44:27 http: 	GET /pet 200 - 2ms
2025-11-28 22:44:28 http: 	GET /pet/15 200 - 1ms
2025-11-28 22:44:33 http: 	GET /pet 200 - 2ms
2025-11-28 22:44:51 http: 	GET /pet/categories 304 - 0ms
2025-11-28 22:44:58 http: 	POST /pet 201 - 6ms
2025-11-28 22:44:58 http: 	GET /pet 200 - 2ms
2025-11-28 22:44:59 http: 	GET /pet/16 200 - 1ms
2025-11-28 22:45:42 error: 	GET /pet/16 - Питомец не найдено
2025-11-28 22:45:44 error: 	GET /pet/16 - Питомец не найдено
2025-11-28 22:45:50 http: 	GET /pet 200 - 2ms
2025-11-28 22:45:51 http: 	GET /pet/categories 304 - 0ms
2025-11-28 22:46:00 http: 	POST /pet 201 - 6ms
2025-11-28 22:46:11 http: 	GET /pet 200 - 1ms
2025-11-28 22:46:11 http: 	GET /pet/17 200 - 1ms
2025-11-28 22:47:05 error: 	GET /pet/17 - Питомец не найдено
2025-11-28 22:47:13 error: 	GET /pet/17 - Питомец не найдено
2025-11-28 22:47:18 http: 	GET /pet 200 - 1ms
2025-11-28 22:47:19 http: 	GET /pet/categories 304 - 1ms
2025-11-28 22:48:44 http: 	POST /pet 201 - 7ms
2025-11-28 22:48:45 http: 	GET /pet 200 - 2ms
2025-11-28 22:48:51 http: 	GET /pet/18 200 - 2ms
2025-11-28 22:49:00 http: 	GET /pet 200 - 1ms
2025-11-28 22:50:03 http: 	GET /pet/3 200 - 2ms
2025-11-28 22:50:05 http: 	GET /pet 304 - 2ms
2025-11-28 22:51:24 http: 	GET /pet/3 304 - 2ms
2025-11-28 22:52:59 http: 	GET /pet 304 - 1ms
2025-11-28 22:53:00 http: 	GET /pet/3 304 - 1ms
2025-11-28 22:53:09 http: 	GET /pet/3 304 - 2ms
2025-11-28 22:53:29 http: 	GET /pet/3 304 - 1ms
2025-11-28 22:53:47 http: 	POST /user/login 200 - 59ms
2025-11-28 22:53:50 http: 	GET /pet 200 - 2ms
2025-11-28 22:53:52 http: 	GET /pet/categories 304 - 1ms
2025-11-28 22:53:53 http: 	GET /pet 304 - 2ms
2025-11-28 22:53:53 http: 	GET /pet/3 304 - 2ms
2025-11-28 22:53:55 http: 	GET /pet 304 - 2ms
2025-11-28 22:54:15 http: 	POST /user/login 200 - 57ms
2025-11-28 22:54:20 http: 	GET /pet 304 - 1ms
2025-11-28 22:54:21 http: 	GET /pet/3 304 - 1ms
2025-11-28 22:54:34 http: 	GET /pet 304 - 2ms
2025-11-28 22:59:18 http: 	GET /pet/3 304 - 3ms
2025-11-28 23:00:25 http: 	GET /pet/3 304 - 3ms
2025-11-28 23:01:15 http: 	GET /pet/3 304 - 2ms
2025-11-28 23:01:50 http: 	GET /pet/3 304 - 2ms
2025-11-28 23:01:54 http: 	GET /pet 304 - 1ms
2025-11-28 23:13:17 http: 	POST /user/login 200 - 60ms
2025-11-28 23:13:19 http: 	GET /pet 304 - 2ms
2025-11-28 23:13:19 http: 	GET /pet/3 304 - 2ms
2025-11-28 23:13:20 http: 	GET /pet/categories 304 - 1ms
2025-11-28 23:13:20 http: 	GET /pet/3 304 - 2ms
2025-11-28 23:13:37 http: 	GET /pet 304 - 2ms
2025-11-28 23:13:38 http: 	GET /pet/3 304 - 2ms
2025-11-28 23:13:39 http: 	GET /pet 304 - 2ms
2025-11-28 23:13:41 http: 	POST /pet 201 - 5729ms
2025-11-28 23:13:46 http: 	GET /pet/3 304 - 2ms
2025-11-28 23:14:09 http: 	GET /pet 200 - 2ms
2025-11-28 23:14:11 http: 	GET /pet/3 304 - 2ms
2025-11-28 23:14:41 http: 	GET /pet/3 304 - 1ms
2025-11-28 23:14:47 http: 	GET /pet/3 304 - 1ms
2025-11-28 23:14:47 http: 	GET /pet/categories 304 - 1ms
2025-11-28 23:14:47 http: 	GET /pet/3 304 - 1ms
2025-11-28 23:15:21 http: 	GET /pet 304 - 2ms
2025-11-28 23:15:26 http: 	GET /pet/19 200 - 2ms
2025-11-28 23:15:27 http: 	GET /pet/categories 304 - 1ms
2025-11-28 23:15:27 http: 	GET /pet/19 304 - 1ms
2025-11-28 23:17:59 http: 	GET /pet/categories 304 - 1ms
2025-11-28 23:17:59 http: 	GET /pet/19 304 - 3ms
2025-11-28 23:19:03 http: 	GET /pet 304 - 9ms
2025-11-28 23:19:04 http: 	GET /pet/3 304 - 2ms
2025-11-28 23:19:06 http: 	GET /pet/categories 304 - 1ms
2025-11-28 23:19:06 http: 	GET /pet/3 304 - 2ms
2025-11-28 23:20:45 http: 	GET /pet/categories 304 - 0ms
2025-11-28 23:20:45 http: 	GET /pet/3 304 - 2ms
2025-11-28 23:20:47 http: 	GET /pet 304 - 2ms
2025-11-28 23:20:48 http: 	GET /pet/3 304 - 1ms
2025-11-28 23:20:48 http: 	GET /pet/categories 304 - 2ms
2025-11-28 23:20:48 http: 	GET /pet/3 304 - 2ms
2025-11-28 23:21:32 http: 	GET /pet/categories 304 - 0ms
2025-11-28 23:21:32 http: 	GET /pet/3 304 - 2ms
2025-11-28 23:22:37 http: 	GET /pet 304 - 8ms
2025-11-28 23:22:38 http: 	GET /pet/3 304 - 1ms
2025-11-28 23:22:39 http: 	GET /pet 304 - 2ms
2025-11-28 23:22:39 http: 	GET /pet/19 304 - 2ms
2025-11-28 23:22:40 http: 	GET /pet/categories 304 - 1ms
2025-11-28 23:22:40 http: 	GET /pet/19 304 - 2ms
2025-11-28 23:23:18 http: 	GET /pet/categories 304 - 1ms
2025-11-28 23:23:18 http: 	GET /pet/19 304 - 2ms
2025-11-28 23:23:34 http: 	GET /pet/categories 304 - 2ms
2025-11-28 23:23:34 http: 	GET /pet/19 304 - 3ms
2025-11-28 23:23:52 http: 	GET /pet/categories 304 - 1ms
2025-11-28 23:23:52 http: 	GET /pet/19 304 - 3ms
2025-11-28 23:23:57 error: 	PUT /pet/19 - Endpoint not found
2025-11-28 23:25:15 http: 	GET /pet 304 - 7ms
2025-11-28 23:25:30 http: 	GET /pet 304 - 2ms
2025-11-28 23:25:31 http: 	GET /pet/19 200 - 2ms
2025-11-28 23:25:32 http: 	GET /pet/categories 304 - 1ms
2025-11-28 23:25:32 http: 	GET /pet/19 304 - 1ms
2025-11-28 23:26:41 http: 	POST /user/login 200 - 61ms
2025-11-28 23:26:51 http: 	PUT /pet/19 200 - 1708ms
2025-11-28 23:26:55 http: 	GET /pet 200 - 3ms
2025-11-28 23:27:06 http: 	GET /pet/19 200 - 2ms
2025-11-28 23:27:07 http: 	GET /pet/categories 304 - 2ms
2025-11-28 23:27:07 http: 	GET /pet/19 304 - 2ms
2025-11-28 23:27:12 http: 	PUT /pet/19 200 - 372ms
2025-11-28 23:27:13 http: 	GET /pet 200 - 2ms
2025-11-28 23:27:18 http: 	GET /pet/19 200 - 2ms
2025-11-28 23:27:20 http: 	GET /pet/categories 304 - 0ms
2025-11-28 23:27:20 http: 	GET /pet/19 304 - 1ms
2025-11-28 23:27:35 http: 	PUT /pet/19 200 - 376ms
2025-11-28 23:27:35 http: 	GET /pet 200 - 1ms
2025-11-28 23:27:37 http: 	GET /pet/19 200 - 1ms
2025-11-28 23:27:41 http: 	GET /pet 304 - 1ms
2025-11-28 23:29:51 http: 	GET /pet/3 200 - 2ms
2025-11-28 23:29:53 http: 	GET /pet 200 - 1ms
2025-11-28 23:29:54 http: 	GET /pet/19 200 - 1ms
2025-11-28 23:29:55 http: 	GET /pet 304 - 1ms
2025-11-28 23:30:02 http: 	GET /pet/19 304 - 2ms
2025-11-28 23:30:03 http: 	GET /pet/categories 304 - 1ms
2025-11-28 23:30:03 http: 	GET /pet/19 304 - 1ms
2025-11-28 23:31:09 http: 	GET /pet 304 - 1ms
2025-11-28 23:31:10 http: 	GET /pet/19 304 - 2ms
2025-11-28 23:31:11 http: 	GET /pet/categories 304 - 1ms
2025-11-28 23:31:11 http: 	GET /pet/19 304 - 2ms
2025-11-28 23:31:15 http: 	PUT /pet/19 200 - 591ms
2025-11-28 23:31:15 http: 	GET /pet 200 - 2ms
2025-11-28 23:31:16 http: 	GET /pet/19 200 - 2ms
2025-11-28 23:31:18 http: 	GET /pet/categories 304 - 0ms
2025-11-28 23:31:18 http: 	GET /pet/19 304 - 1ms
2025-11-28 23:31:30 http: 	PUT /pet/19 200 - 392ms
2025-11-28 23:31:30 http: 	GET /pet 200 - 1ms
2025-11-28 23:31:32 http: 	GET /pet/19 200 - 2ms
2025-11-28 23:32:35 http: 	GET /pet/19 304 - 1ms
2025-11-28 23:32:54 http: 	GET /pet/categories 304 - 0ms
2025-11-28 23:32:54 http: 	GET /pet/19 304 - 2ms
2025-11-28 23:32:57 http: 	PUT /pet/19 200 - 356ms
2025-11-28 23:32:58 http: 	GET /pet 200 - 2ms
2025-11-28 23:32:58 http: 	GET /pet/19 200 - 1ms
2025-11-28 23:34:58 http: 	GET /pet 304 - 8ms
2025-11-28 23:34:59 http: 	GET /pet/19 304 - 2ms
2025-11-28 23:35:00 http: 	GET /pet/categories 304 - 1ms
2025-11-28 23:35:00 http: 	GET /pet/19 304 - 1ms
2025-11-28 23:35:14 http: 	GET /pet/categories 304 - 1ms
2025-11-28 23:35:14 http: 	GET /pet/19 200 - 2ms
2025-11-28 23:35:17 http: 	PUT /pet/19 200 - 402ms
2025-11-28 23:35:18 http: 	GET /pet 200 - 2ms
2025-11-28 23:35:19 http: 	GET /pet/19 200 - 2ms
2025-11-28 23:35:24 http: 	GET /pet 304 - 2ms
2025-11-28 23:35:51 http: 	GET /pet/19 304 - 1ms
2025-11-28 23:36:02 http: 	GET /pet/categories 304 - 0ms
2025-11-28 23:36:02 http: 	GET /pet/19 304 - 2ms
2025-11-28 23:36:15 http: 	PUT /pet/19 200 - 506ms
2025-11-28 23:36:15 http: 	GET /pet 200 - 1ms
2025-11-28 23:36:49 http: 	GET /pet/3 304 - 2ms
2025-11-28 23:36:53 http: 	GET /pet 304 - 1ms
2025-11-28 23:43:22 http: 	GET /pet 304 - 1ms
2025-11-28 23:43:23 http: 	GET /pet/3 304 - 1ms
2025-11-28 23:43:25 http: 	GET /pet 304 - 2ms
2025-11-28 23:43:26 http: 	GET /pet/5 200 - 1ms
2025-11-28 23:43:28 http: 	GET /pet/categories 304 - 1ms
2025-11-28 23:43:28 http: 	GET /pet/5 304 - 2ms
2025-11-28 23:43:36 http: 	PUT /pet/5 200 - 3725ms
2025-11-28 23:43:36 http: 	GET /pet 200 - 2ms
2025-11-28 23:43:38 http: 	GET /pet/5 200 - 1ms
2025-11-28 23:43:41 http: 	GET /pet/categories 304 - 1ms
2025-11-28 23:43:41 http: 	GET /pet/5 304 - 1ms
2025-11-28 23:43:49 http: 	PUT /pet/5 200 - 3831ms
2025-11-28 23:43:50 http: 	GET /pet 200 - 2ms
2025-11-28 23:43:52 http: 	GET /pet/5 200 - 2ms
2025-11-28 23:43:58 http: 	GET /pet/categories 304 - 1ms
2025-11-28 23:43:58 http: 	GET /pet/5 304 - 1ms
2025-11-28 23:44:06 http: 	PUT /pet/5 200 - 4141ms
2025-11-28 23:44:06 http: 	GET /pet 200 - 2ms
