13-11-2025 22:12:46 [[31merror[39m : Error: Endpoint not found
    at file:///C:/Users/PCochka/Desktop/petShop_project/server/index.js:20:11
    at Layer.handleRequest (C:\Users\PCochka\Desktop\petShop_project\server\node_modules\router\lib\layer.js:152:17)
    at trimPrefix (C:\Users\PCochka\Desktop\petShop_project\server\node_modules\router\index.js:342:13)
    at C:\Users\PCochka\Desktop\petShop_project\server\node_modules\router\index.js:297:9
    at processParams (C:\Users\PCochka\Desktop\petShop_project\server\node_modules\router\index.js:582:12)
    at next (C:\Users\PCochka\Desktop\petShop_project\server\node_modules\router\index.js:291:5)
    at jsonParser (C:\Users\PCochka\Desktop\petShop_project\server\node_modules\body-parser\lib\types\json.js:100:7)
    at Layer.handleRequest (C:\Users\PCochka\Desktop\petShop_project\server\node_modules\router\lib\layer.js:152:17)
    at trimPrefix (C:\Users\PCochka\Desktop\petShop_project\server\node_modules\router\index.js:342:13)
    at C:\Users\PCochka\Desktop\petShop_project\server\node_modules\router\index.js:297:9]
13-11-2025 22:13:45 [[31merror[39m] : Error: Endpoint not found
    at file:///C:/Users/PCochka/Desktop/petShop_project/server/index.js:20:11
    at Layer.handleRequest (C:\Users\PCochka\Desktop\petShop_project\server\node_modules\router\lib\layer.js:152:17)
    at trimPrefix (C:\Users\PCochka\Desktop\petShop_project\server\node_modules\router\index.js:342:13)
    at C:\Users\PCochka\Desktop\petShop_project\server\node_modules\router\index.js:297:9
    at processParams (C:\Users\PCochka\Desktop\petShop_project\server\node_modules\router\index.js:582:12)
    at next (C:\Users\PCochka\Desktop\petShop_project\server\node_modules\router\index.js:291:5)
    at jsonParser (C:\Users\PCochka\Desktop\petShop_project\server\node_modules\body-parser\lib\types\json.js:100:7)
    at Layer.handleRequest (C:\Users\PCochka\Desktop\petShop_project\server\node_modules\router\lib\layer.js:152:17)
    at trimPrefix (C:\Users\PCochka\Desktop\petShop_project\server\node_modules\router\index.js:342:13)
    at C:\Users\PCochka\Desktop\petShop_project\server\node_modules\router\index.js:297:9
2025-11-13 22:14:26 [31merror[39m: Error: Endpoint not found
    at file:///C:/Users/PCochka/Desktop/petShop_project/server/index.js:20:11
    at Layer.handleRequest (C:\Users\PCochka\Desktop\petShop_project\server\node_modules\router\lib\layer.js:152:17)
    at trimPrefix (C:\Users\PCochka\Desktop\petShop_project\server\node_modules\router\index.js:342:13)
    at C:\Users\PCochka\Desktop\petShop_project\server\node_modules\router\index.js:297:9
    at processParams (C:\Users\PCochka\Desktop\petShop_project\server\node_modules\router\index.js:582:12)
    at next (C:\Users\PCochka\Desktop\petShop_project\server\node_modules\router\index.js:291:5)
    at jsonParser (C:\Users\PCochka\Desktop\petShop_project\server\node_modules\body-parser\lib\types\json.js:100:7)
    at Layer.handleRequest (C:\Users\PCochka\Desktop\petShop_project\server\node_modules\router\lib\layer.js:152:17)
    at trimPrefix (C:\Users\PCochka\Desktop\petShop_project\server\node_modules\router\index.js:342:13)
    at C:\Users\PCochka\Desktop\petShop_project\server\node_modules\router\index.js:297:9
2025-11-13 22:14:43 [31merror[39m: [31m	GET /fdgdfsgsrt - Endpoint not found[39m
2025-11-13 22:15:06 error: 	GET /fdgdfsgsrt - Endpoint not found
2025-11-13 22:17:58 error: 	GET /fdgdfsgsrt - Endpoint not found
2025-11-13 22:29:29 error: 	GET /fdgdfsgsrt - Endpoint not found
2025-11-13 22:32:00 error: 	GET / - Endpoint not found
2025-11-13 22:36:09 error: 	GET / - Endpoint not found
2025-11-13 22:36:29 error: 	GET /user/login - Endpoint not found
2025-11-13 22:36:49 error: 	GET /login - Endpoint not found
2025-11-13 22:37:04 error: 	POST /user/login - Internal server error
2025-11-13 22:38:58 error: 	POST /user/register - Имя не должно быть пустым
2025-11-13 22:40:58 error: 	POST /user/register - Имя не должно быть пустым
2025-11-13 22:41:25 error: 	POST /user/register - Пароль должен быть от 8 символов
2025-11-13 22:41:39 error: 	POST /user/register - Internal server error
2025-11-13 22:42:21 error: 	POST /user/register - Internal server error
2025-11-13 22:42:36 error: 	POST /user/register - Internal server error
2025-11-13 22:43:50 error: 	POST /user/register - Internal server error Error: Internal server error
    at Register (file:///C:/Users/PCochka/Desktop/petShop_project/server/controllers/userController.js:30:15)
2025-11-13 22:44:29 error: 	POST /user/register - Internal server error 
 Error: Internal server error
    at Register (file:///C:/Users/PCochka/Desktop/petShop_project/server/controllers/userController.js:30:15)
2025-11-13 22:45:31 error: 	POST /user/register - User was reegistred 
 Error: User was reegistred
    at Register (file:///C:/Users/PCochka/Desktop/petShop_project/server/controllers/userController.js:22:26)
2025-11-13 22:45:49 error: 	POST /user/register - User was registred 
 Error: User was registred
    at Register (file:///C:/Users/PCochka/Desktop/petShop_project/server/controllers/userController.js:22:26)
2025-11-13 22:45:53 error: 	POST /user/register - Internal server error 
 Error: Internal server error
    at Register (file:///C:/Users/PCochka/Desktop/petShop_project/server/controllers/userController.js:30:11)
2025-11-13 22:46:38 error: 	POST /user/register - User was registred
2025-11-13 22:46:41 error: 	POST /user/register - Internal server error
2025-11-13 22:48:11 error: 	POST /user/register - User was registred
2025-11-13 22:50:34 error: 	POST /user/register - User was registred
2025-11-15 08:32:12 error: 	POST /user/login - Internal server error
2025-11-16 21:21:40 error: 	GET / - Endpoint not found
2025-11-16 21:22:00 error: 	GET / - Endpoint not found
2025-11-16 21:22:08 error: 	GET /pet[ - Endpoint not found
2025-11-16 21:22:10 error: 	GET /favicon.ico - Endpoint not found
2025-11-16 21:22:37 error: 	GET /pets - Endpoint not found
2025-11-16 21:22:41 error: 	GET /user - Endpoint not found
2025-11-16 21:22:48 error: 	GET /user/login - Endpoint not found
2025-11-16 21:23:19 error: 	GET /user/login - Endpoint not found
2025-11-16 21:23:27 error: 	GET /user/login - Endpoint not found
2025-11-16 21:23:27 error: 	GET /favicon.ico - Endpoint not found
2025-11-16 21:23:57 error: 	GET / - Endpoint not found
2025-11-16 21:26:18 error: 	GET / - Endpoint not found
2025-11-16 21:34:17 error: 	POST /user - Endpoint not found
2025-11-16 21:39:03 error: 	GET / - Endpoint not found
2025-11-16 21:45:50 error: 	GET /categories - Endpoint not found
2025-11-16 21:45:54 error: 	GET /category - Endpoint not found
2025-11-16 21:46:06 error: 	GET /pet/categories - Internal server error
2025-11-16 21:53:28 error: 	GET /pet/categories - Internal server error
2025-11-16 21:55:01 error: 	POST /user/login - Internal server error
2025-11-16 21:56:10 error: 	GET /pet - Internal server error
2025-11-16 21:57:56 error: 	POST /pet - SQLITE_CONSTRAINT: NOT NULL constraint failed: pet.photo_path
2025-11-16 21:58:12 error: 	POST /pet - SQLITE_CONSTRAINT: NOT NULL constraint failed: pet.photo_path
2025-11-16 21:59:21 error: 	POST /user/register - Пароль должен быть от 8 символов
2025-11-18 21:01:36 error: 	POST /user/register - Internal server error
2025-11-18 21:05:26 error: 	GET /pet - Internal server error
2025-11-18 21:05:28 error: 	GET /pet/categories - Internal server error
2025-11-18 21:05:57 error: 	GET /pet - Internal server error
2025-11-18 21:11:18 error: 	GET /pet - Internal server error
2025-11-22 17:55:03 error: 	GET / - Endpoint not found
2025-11-22 17:55:04 error: 	GET /favicon.ico - Endpoint not found
2025-11-22 17:56:12 error: 	GET /pet - Internal server error
2025-11-22 17:57:20 error: 	GET /pet - Internal server error
2025-11-22 17:59:29 error: 	GET /pet - Internal server error
2025-11-22 18:00:52 error: 	GET /pet - Internal server error
2025-11-22 18:01:00 error: 	GET /pet - Internal server error
2025-11-22 18:01:40 error: 	GET /pet - Internal server error
2025-11-22 18:11:48 error: 	GET /pet - Internal server error
2025-11-22 18:13:29 error: 	GET /pet - Internal server error
2025-11-22 18:14:53 error: 	GET /pet - Internal server error
2025-11-22 18:15:11 error: 	GET /pet - Internal server error
2025-11-22 18:15:43 error: 	GET /pet - Internal server error
2025-11-22 18:21:50 error: 	GET /pet - Internal server error
2025-11-22 18:22:29 error: 	GET /pet - Internal server error
2025-11-22 18:23:15 error: 	GET /pet - Internal server error
2025-11-22 18:24:18 error: 	GET /pet - Internal server error
2025-11-22 18:24:21 error: 	GET /pet - Internal server error
2025-11-22 18:24:22 error: 	GET /pet - Internal server error
2025-11-22 18:24:25 error: 	GET /pet - Internal server error
2025-11-22 18:24:46 error: 	GET /pet - Internal server error
2025-11-22 18:24:47 error: 	GET /pet - Internal server error
2025-11-22 18:24:49 error: 	GET /pet - Internal server error
2025-11-22 18:24:52 error: 	GET /pet - Internal server error
2025-11-22 18:25:13 error: 	GET /pet - Internal server error
2025-11-22 18:25:34 error: 	GET /pet - Internal server error
2025-11-22 18:27:15 error: 	GET /pet - Internal server error
2025-11-22 18:27:33 error: 	GET /pet - Internal server error
2025-11-22 18:28:13 error: 	GET /pet - Internal server error
2025-11-22 18:28:15 error: 	GET /pet/2 - Internal server error
2025-11-22 18:28:17 error: 	GET /pet - Internal server error
2025-11-22 18:28:18 error: 	GET /pet/3 - Internal server error
2025-11-22 18:28:19 error: 	GET /pet - Internal server error
2025-11-22 18:28:19 error: 	GET /pet/4 - Internal server error
2025-11-22 18:28:24 error: 	GET /pet - Internal server error
2025-11-22 18:28:24 error: 	GET /pet/3 - Internal server error
2025-11-22 18:28:29 error: 	GET /pet - Internal server error
2025-11-22 18:28:29 error: 	GET /pet/2 - Internal server error
2025-11-22 18:28:32 error: 	GET /pet - Internal server error
2025-11-22 18:28:33 error: 	GET /pet/4 - Internal server error
2025-11-22 18:28:34 error: 	GET /pet - Internal server error
2025-11-22 18:29:14 error: 	GET /pet/4 - Internal server error
2025-11-22 18:29:20 error: 	GET /pet - Internal server error
2025-11-22 18:29:21 error: 	GET /pet/5 - Internal server error
2025-11-22 18:29:39 error: 	GET /pet - Internal server error
2025-11-22 18:29:41 error: 	GET /pet/6 - Internal server error
2025-11-22 18:29:43 error: 	GET /pet - Internal server error
2025-11-22 18:30:21 error: 	GET /pet/4 - Internal server error
2025-11-22 18:31:22 error: 	GET /pet/4 - Internal server error
2025-11-22 18:31:45 error: 	GET /pet/4 - Internal server error
2025-11-26 12:13:13 error: 	GET /pet - Internal server error
2025-11-26 12:13:13 error: 	GET /pet/2 - Internal server error
2025-11-26 12:13:27 error: 	GET /pet - Internal server error
2025-11-26 12:13:28 error: 	GET /pet/2 - Internal server error
2025-11-26 12:13:36 error: 	GET /pet/2 - Internal server error
2025-11-26 12:13:43 error: 	GET /pet - Internal server error
2025-11-26 12:13:46 error: 	GET /pet/4 - Internal server error
2025-11-26 12:13:53 error: 	GET /pet - Internal server error
2025-11-26 12:13:55 error: 	GET /pet/5 - Internal server error
2025-11-26 12:22:54 error: 	GET /pet - Internal server error
2025-11-26 12:22:59 error: 	GET /pet/4 - Internal server error
2025-11-26 12:24:26 error: 	GET /pet - Internal server error
2025-11-26 12:25:55 error: 	GET /pet - Internal server error
2025-11-26 12:25:57 error: 	GET /pet/2 - Internal server error
2025-11-26 12:26:01 error: 	GET /pet - Internal server error
2025-11-26 12:26:02 error: 	GET /pet/4 - Internal server error
2025-11-26 12:26:05 error: 	GET /pet - Internal server error
2025-11-26 12:26:06 error: 	GET /pet/2 - Internal server error
2025-11-26 12:27:08 error: 	GET /pet - Internal server error
2025-11-26 12:27:09 error: 	GET /pet/2 - Internal server error
2025-11-26 12:27:14 error: 	GET /pet - Internal server error
2025-11-26 12:27:16 error: 	GET /pet/3 - Internal server error
2025-11-26 12:27:18 error: 	GET /pet - Internal server error
2025-11-26 12:27:19 error: 	GET /pet/2 - Internal server error
2025-11-26 12:27:26 error: 	GET /pet - Internal server error
2025-11-26 12:27:27 error: 	GET /pet/2 - Internal server error
2025-11-26 12:27:47 error: 	GET /pet - Internal server error
2025-11-26 12:27:48 error: 	GET /pet/2 - Internal server error
2025-11-26 12:27:56 error: 	GET /pet - Internal server error
2025-11-26 12:27:57 error: 	GET /pet/2 - Internal server error
2025-11-26 12:29:56 error: 	GET /pet - Internal server error
2025-11-26 12:29:58 error: 	GET /pet/4 - Internal server error
2025-11-26 12:30:00 error: 	GET /pet - Internal server error
2025-11-26 12:30:01 error: 	GET /pet/2 - Internal server error
2025-11-26 12:30:03 error: 	GET /pet - Internal server error
2025-11-26 12:30:04 error: 	GET /pet/2 - Internal server error
2025-11-26 12:30:51 error: 	GET /pet - Internal server error
2025-11-26 12:30:52 error: 	GET /pet/2 - Internal server error
2025-11-26 12:31:04 error: 	GET /pet - Internal server error
2025-11-26 12:31:05 error: 	GET /pet/2 - Internal server error
2025-11-26 12:31:28 error: 	GET /pet - Internal server error
2025-11-26 12:31:28 error: 	GET /pet/2 - Internal server error
2025-11-26 12:31:48 error: 	GET /pet - Internal server error
2025-11-26 12:31:48 error: 	GET /pet/2 - Internal server error
2025-11-26 12:31:50 error: 	GET /pet - Internal server error
2025-11-26 12:31:56 error: 	GET /pet - Internal server error
2025-11-26 12:31:56 error: 	GET /pet/2 - Internal server error
2025-11-26 12:31:58 error: 	GET /pet - Internal server error
2025-11-26 12:31:59 error: 	GET /pet/2 - Internal server error
2025-11-26 12:32:26 error: 	GET /pet - Internal server error
2025-11-26 12:32:26 error: 	GET /pet/2 - Internal server error
2025-11-26 12:32:27 error: 	GET /pet - Internal server error
2025-11-26 12:32:27 error: 	GET /pet/2 - Internal server error
2025-11-26 12:32:28 error: 	GET /pet - Internal server error
2025-11-26 12:32:28 error: 	GET /pet/3 - Internal server error
2025-11-26 12:32:29 error: 	GET /pet - Internal server error
2025-11-26 12:32:30 error: 	GET /pet/4 - Internal server error
2025-11-26 12:32:31 error: 	GET /pet - Internal server error
2025-11-26 12:32:33 error: 	GET /pet/2 - Internal server error
2025-11-26 12:32:34 error: 	GET /pet - Internal server error
2025-11-26 13:16:56 error: 	GET /pet - Internal server error
2025-11-26 13:16:58 error: 	GET /pet/2 - Internal server error
2025-11-26 13:16:59 error: 	GET /pet - Internal server error
2025-11-26 13:17:11 error: 	GET /pet/2 - Internal server error
2025-11-26 13:17:14 error: 	GET /pet - Internal server error
2025-11-28 17:40:20 error: 	GET / - Endpoint not found
2025-11-28 17:40:21 error: 	GET /favicon.ico - Endpoint not found
2025-11-28 17:40:24 error: 	GET / - Endpoint not found
2025-11-28 17:40:24 error: 	GET /favicon.ico - Endpoint not found
2025-11-28 17:40:59 error: 	GET /pet - Internal server error
2025-11-28 17:41:04 error: 	GET /pet/2 - Internal server error
2025-11-28 21:17:52 error: 	DELETE /pet/delete/3442 - Unexpected end of JSON input
2025-11-28 21:18:18 error: 	DELETE /pet/delete/3442 - Expected property name or '}' in JSON at position 7 (line 2 column 5)
2025-11-28 21:18:28 error: 	DELETE /pet/delete/3442 - Endpoint not found
2025-11-28 21:18:29 error: 	DELETE /pet/delete/3442 - Endpoint not found
2025-11-28 21:21:09 error: 	DELETE /pet/4253463565 - Питомец не найден
2025-11-28 21:21:13 error: 	DELETE /pet/2 - Питомец не найден
2025-11-28 21:48:18 error: 	POST /pet/create - Endpoint not found
2025-11-28 21:49:14 error: 	POST /pet - SQLITE_CONSTRAINT: NOT NULL constraint failed: pet.photo_path
2025-11-28 21:50:04 error: 	POST /pet - Expected ':' after property name in JSON at position 15 (line 3 column 5)
2025-11-28 21:50:20 error: 	POST /pet - SQLITE_CONSTRAINT: NOT NULL constraint failed: pet.photo_path
2025-11-28 21:50:24 error: 	POST /pet - SQLITE_CONSTRAINT: NOT NULL constraint failed: pet.photo_path
2025-11-28 21:50:47 error: 	POST /pet - SQLITE_CONSTRAINT: NOT NULL constraint failed: pet.photo_path
2025-11-28 21:51:32 error: 	POST /pet - SQLITE_CONSTRAINT: NOT NULL constraint failed: pet.photo_path
2025-11-28 21:53:04 error: 	POST /pet - SQLITE_CONSTRAINT: NOT NULL constraint failed: pet.photo_path
2025-11-28 21:54:40 error: 	POST /pet - SQLITE_CONSTRAINT: NOT NULL constraint failed: pet.photo_path
2025-11-28 22:04:05 error: 	GET /pet/categories - Internal server error
2025-11-28 22:04:22 error: 	GET /pet - Internal server error
2025-11-28 22:04:23 error: 	GET /pet/categories - Internal server error
2025-11-28 22:06:15 error: 	GET / - Endpoint not found
2025-11-28 22:06:15 error: 	GET /favicon.ico - Endpoint not found
2025-11-28 22:21:27 error: 	DELETE /pet/7 - Cannot read properties of undefined (reading 'id')
2025-11-28 22:21:41 error: 	DELETE /pet/7 - Cannot read properties of undefined (reading 'id')
2025-11-28 22:27:34 error: 	GET /pet - Internal server error
2025-11-28 22:27:38 error: 	GET /pet/categories - Internal server error
2025-11-28 22:27:49 error: 	POST /pet - Internal server error
2025-11-28 22:27:50 error: 	GET /pet - Internal server error
2025-11-28 22:31:42 error: 	DELETE /pet/11 - Cannot read properties of undefined (reading 'id')
2025-11-28 22:35:38 error: 	DELETE /pet/8 - Питомец не найден
2025-11-28 22:39:45 error: 	DELETE /pet/7 - Питомец не найден
2025-11-28 22:45:42 error: 	GET /pet/16 - Питомец не найдено
2025-11-28 22:45:44 error: 	GET /pet/16 - Питомец не найдено
2025-11-28 22:47:05 error: 	GET /pet/17 - Питомец не найдено
2025-11-28 22:47:13 error: 	GET /pet/17 - Питомец не найдено
2025-11-28 23:23:57 error: 	PUT /pet/19 - Endpoint not found
